     1                                           ;文件说明：用户程序 
     2                                           ;创建日期：2022-6-6
     3                                  
     4                                  ;===============================================================================
     5                                  SECTION header vstart=0
     6                                  
     7 00000000 [00000000]                       program_length   dd program_end          ;程序总长度#0x00
     8 00000004 [00000000]                       entry_point      dd start                ;程序入口点#0x04
     9                                  header_end:
    10                                    
    11                                  ;===============================================================================
    12                                  SECTION data vfollows=header
    13                                  
    14 00000000 5B5553455220544153-              message_1        db  '[USER TASK]: CCCCCCCCCCCCCCCCCCCCCCC',0x0d,0x0a,0
    14 00000009 4B5D3A204343434343-
    14 00000012 434343434343434343-
    14 0000001B 434343434343434343-
    14 00000024 0D0A00             
    15                                  
    16 00000027 00<rep 5000h>                    reserved  times 4096*5 db 0             ;保留一个空白区，以演示分页
    17                                  
    18                                  data_end:
    19                                  
    20                                  ;===============================================================================
    21                                        [bits 32]
    22                                  ;===============================================================================
    23                                  SECTION code vfollows=data
    24                                  start:
    25 00000000 B800000000                       mov eax, 0
    26 00000005 BB[00000000]                     mov ebx, message_1
    27 0000000A CD88                             int 0x88
    28 0000000C EBF2                             jmp start
    29                                  
    30                                  code_end:
    31                                  
    32                                  ;-------------------------------------------------------------------------------
    33                                  SECTION trail
    34                                  ;-------------------------------------------------------------------------------
    35                                  program_end:
