     1                                           ;代码清单17-2
     2                                           ;文件名：c17_app.asm
     3                                           ;文件说明：用户程序 
     4                                           ;创建日期：2020-10-30
     5                                  
     6                                  ;===============================================================================
     7                                  SECTION header vstart=0
     8                                  
     9 00000000 [00000000]                       program_length   dd program_end          ;程序总长度#0x00
    10                                  
    11 00000004 [28040000]                       head_len         dd header_end           ;程序头部的长度#0x04
    12                                  
    13 00000008 [00000000]                       prgentry         dd start                ;程序入口#0x08
    14 0000000C [00000000]                       code_seg         dd section.code.start   ;代码段位置#0x0c
    15 00000010 [4A000000]                       code_len         dd code_end             ;代码段长度#0x10
    16                                  
    17 00000014 [00000000]                       data_seg         dd section.data.start   ;数据段位置#0x14
    18 00000018 [94000000]                       data_len         dd data_end             ;数据段长度#0x18
    19                                  
    20 0000001C [00000000]                       stack_seg        dd section.stack.start  ;栈段位置#0x1c
    21 00000020 [00080000]                       stack_len        dd stack_end            ;栈段长度#0x20
    22                                  ;-------------------------------------------------------------------------------
    23                                           ;符号地址检索表
    24 00000024 04000000                         salt_items       dd (header_end-salt)/256 ;#0x24
    25                                           
    26                                           salt:                                     ;#0x28
    27 00000028 405072696E74537472-              PrintString      db  '@PrintString'
    27 00000031 696E67             
    28 00000034 00<rep F4h>                                  times 256-($-PrintString) db 0
    29                                                       
    30 00000128 405465726D696E6174-              TerminateProgram db  '@TerminateProgram'
    30 00000131 6550726F6772616D   
    31 00000139 00<rep EFh>                                  times 256-($-TerminateProgram) db 0
    32                                                       
    33 00000228 40526561644469736B-              ReadDiskData     db  '@ReadDiskData'
    33 00000231 44617461           
    34 00000235 00<rep F3h>                                  times 256-($-ReadDiskData) db 0
    35                                  
    36 00000328 40496E69745461736B-              InitTaskSwitch   db  '@InitTaskSwitch'
    36 00000331 537769746368       
    37 00000337 00<rep F1h>                                  times 256-($-InitTaskSwitch) db 0
    38                                                   
    39                                  header_end:
    40                                    
    41                                  ;===============================================================================
    42                                  SECTION data vstart=0                
    43                                  
    44 00000000 0D0A                             message_1        db  0x0d,0x0a
    45 00000002 5B5553455220544153-                               db  '[USER TASK]: Hi! nice to meet you,'
    45 0000000B 4B5D3A20486921206E-
    45 00000014 69636520746F206D65-
    45 0000001D 657420796F752C     
    46 00000024 4920616D2072756E20-                               db  'I am run at CPL=',
    46 0000002D 61742043504C3D     
    47 00000034 00                               cpl              db  0
    48 00000035 2E0D0A00                                          db  '.',0x0d,0x0a,0
    49                                                            
    50 00000039 5B5553455220544153-              message_2        db  '[USER TASK]: I needs to have a rest...'
    50 00000042 4B5D3A2049206E6565-
    50 0000004B 647320746F20686176-
    50 00000054 65206120726573742E-
    50 0000005D 2E2E               
    51 0000005F 0D0A00                                            db  0x0d,0x0a,0
    52                                  
    53 00000062 5B5553455220544153-              message_3        db  '[USER TASK]: I am back again.'
    53 0000006B 4B5D3A204920616D20-
    53 00000074 6261636B2061676169-
    53 0000007D 6E2E               
    54 0000007F 4E6F772C49206D7573-                               db  'Now,I must exit...',0x0d,0x0a,0
    54 00000088 7420657869742E2E2E-
    54 00000091 0D0A00             
    55                                  
    56                                  data_end:
    57                                  
    58                                  ;===============================================================================
    59                                  SECTION stack vstart=0
    60                                  
    61 00000000 00<rep 800h>                    times 2048        db 0                    ;保留2KB的栈空间
    62                                  
    63                                  stack_end:
    64                                  
    65                                  ;===============================================================================
    66                                        [bits 32]
    67                                  ;===============================================================================
    68                                  SECTION code vstart=0
    69                                  start:
    70                                           ;任务启动时，DS指向头部段，也不需要设置堆栈 
    71 00000000 8CD8                             mov eax,ds
    72 00000002 8EE0                             mov fs,eax
    73                                       
    74 00000004 66A1[14000000]                   mov ax,[data_seg]
    75 0000000A 8ED8                             mov ds,ax
    76                                  
    77 0000000C 668CC8                           mov ax,cs
    78 0000000F 2403                             and al,0000_0011B
    79 00000011 0C30                             or al,0x30
    80 00000013 A2[34000000]                     mov [cpl],al
    81                                  
    82 00000018 BB[00000000]                     mov ebx,message_1
    83 0000001D 64FF1D[28000000]                 call far [fs:PrintString]
    84                                  
    85 00000024 BB[39000000]                     mov ebx,message_2
    86 00000029 64FF1D[28000000]                 call far [fs:PrintString]
    87                                  
    88 00000030 64FF1D[28030000]                 call far [fs:InitTaskSwitch]        ;主动发起任务切换
    89                                  
    90 00000037 BB[62000000]                     mov ebx,message_3
    91 0000003C 64FF1D[28000000]                 call far [fs:PrintString]
    92                                  
    93 00000043 64FF1D[28010000]                 call far [fs:TerminateProgram]      ;退出，并将控制权返回到核心 
    94                                      
    95                                  code_end:
    96                                  
    97                                  ;-------------------------------------------------------------------------------
    98                                  SECTION trail
    99                                  ;-------------------------------------------------------------------------------
   100                                  program_end:
