     1                                           ;代码清单7-1
     2                                           ;文件名：c07_mbr.asm
     3                                           ;文件说明：硬盘主引导扇区代码
     4                                           ;创建日期：2011-4-12 22:12；修改于2021-09-22 20:33
     5                                        
     6 00000000 E91F00                           jmp near start
     7                                           
     8 00000003 4C076107620765076C-       mytext db 'L',0x07,'a',0x07,'b',0x07,'e',0x07,'l',0x07,' ',0x07,'o',0x07,            'f',0x07,'f',0x07,'s',0x07,'e',0x07,'t',0x07,':',0x07
     8 0000000C 0720076F0766076607-
     8 00000015 7307650774073A07   
    10 0000001D 0000000000                number db 0,0,0,0,0
    11                                    
    12                                    start:
    13 00000022 B8C007                           mov ax,0x7c0                  ;设置数据段基地址 
    14 00000025 8ED8                             mov ds,ax
    15                                           
    16 00000027 B800B8                           mov ax,0xb800                 ;设置附加段基地址 
    17 0000002A 8EC0                             mov es,ax
    18                                           
    19 0000002C FC                               cld
    20 0000002D BE[0300]                         mov si,mytext                 
    21 00000030 BF0000                           mov di,0
    22 00000033 B90D00                           mov cx,(number-mytext)/2      ;实际上等于 13
    23 00000036 F3A5                             rep movsw
    24                                       
    25                                           ;得到标号所代表的偏移地址
    26 00000038 B8[1D00]                         mov ax,number
    27                                           
    28                                           ;计算各个数位
    29 0000003B 89C3                             mov bx,ax
    30 0000003D B90500                           mov cx,5                      ;循环次数 
    31 00000040 BE0A00                           mov si,10                     ;除数 
    32                                    digit: 
    33 00000043 31D2                             xor dx,dx
    34 00000045 F7F6                             div si
    35 00000047 8817                             mov [bx],dl                   ;保存数位
    36 00000049 43                               inc bx 
    37 0000004A E2F7                             loop digit
    38                                           
    39                                           ;显示各个数位
    40 0000004C BB[1D00]                         mov bx,number 
    41 0000004F BE0400                           mov si,4                      
    42                                     show:
    43 00000052 8A00                             mov al,[bx+si]
    44 00000054 0430                             add al,0x30
    45 00000056 B404                             mov ah,0x04
    46 00000058 268905                           mov [es:di],ax
    47 0000005B 83C702                           add di,2
    48 0000005E 4E                               dec si
    49 0000005F 79F1                             jns show
    50                                           
    51 00000061 26C7054407                       mov word [es:di],0x0744
    52                                  
    53 00000066 E9FDFF                           jmp near $
    54                                  
    55 00000069 00<rep 195h>              times 510-($-$$) db 0
    56 000001FE 55AA                                       db 0x55,0xaa
