     1                                           ;代码清单8-1
     2                                           ;文件名：c08_mbr.asm
     3                                           ;文件说明：硬盘主引导扇区代码
     4                                           ;创建日期：2011-4-13 18:02；修改于2021-10-3 12:15
     5                                           
     6 00000000 E90E00                           jmp near start
     7                                  	
     8 00000003 312B322B332B2E2E2E-      message db '1+2+3+...+100='
     8 0000000C 2B3130303D         
     9                                          
    10                                   start:
    11 00000011 B8C007                           mov ax,0x7c0           ;设置数据段的段基地址 
    12 00000014 8ED8                             mov ds,ax
    13                                  
    14 00000016 B800B8                           mov ax,0xb800          ;设置附加段基址到显示缓冲区
    15 00000019 8EC0                             mov es,ax
    16                                  
    17                                           ;以下显示字符串 
    18 0000001B BE[0300]                         mov si,message          
    19 0000001E BF0000                           mov di,0
    20 00000021 B90E00                           mov cx,start-message
    21                                       @g:
    22 00000024 8A04                             mov al,[si]
    23 00000026 268805                           mov [es:di],al
    24 00000029 47                               inc di
    25 0000002A 26C60507                         mov byte [es:di],0x07
    26 0000002E 47                               inc di
    27 0000002F 46                               inc si
    28 00000030 E2F2                             loop @g
    29                                  
    30                                           ;以下计算1到100的和 
    31 00000032 31C0                             xor ax,ax
    32 00000034 B90100                           mov cx,1
    33                                       @f:
    34 00000037 01C8                             add ax,cx
    35 00000039 41                               inc cx
    36 0000003A 83F964                           cmp cx,100
    37 0000003D 7EF8                             jle @f
    38                                  
    39                                           ;以下计算累加和的每个数位 
    40 0000003F 31C9                             xor cx,cx              ;设置堆栈段的段基地址
    41 00000041 8ED1                             mov ss,cx
    42 00000043 89CC                             mov sp,cx
    43                                  
    44 00000045 BB0A00                           mov bx,10
    45 00000048 31C9                             xor cx,cx
    46                                       @d:
    47 0000004A 41                               inc cx
    48 0000004B 31D2                             xor dx,dx
    49 0000004D F7F3                             div bx
    50 0000004F 80CA30                           or dl,0x30
    51 00000052 52                               push dx
    52 00000053 83F800                           cmp ax,0
    53 00000056 75F2                             jne @d
    54                                  
    55                                           ;以下显示各个数位 
    56                                       @a:
    57 00000058 5A                               pop dx
    58 00000059 268815                           mov [es:di],dl
    59 0000005C 47                               inc di
    60 0000005D 26C60507                         mov byte [es:di],0x07
    61 00000061 47                               inc di
    62 00000062 E2F4                             loop @a
    63                                         
    64 00000064 E9FDFF                           jmp near $ 
    65                                         
    66                                  
    67 00000067 00<rep 197h>            times 510-($-$$) db 0
    68 000001FE 55AA                                     db 0x55,0xaa
